error: literal out of range for `u32`
  --> tests/ui/crashes/ice-9463.rs:3:22
   |
LL |     let _y = 1u32 >> 10000000000000u32;
   |                      ^^^^^^^^^^^^^^^^^
   |
   = note: the literal `10000000000000u32` does not fit into the type `u32` whose range is `0..=4294967295`
   = note: `#[deny(overflowing_literals)]` on by default

error: aborting due to 1 previous error

